// Jest Snapshot v1, https://goo.gl/fbAQLP

exports[`renders correcly 1`] = `
Object {
  "asFragment": [Function],
  "baseElement": <body>
    <div>
      <div
        class="sc-bdfBwQ eJvVid"
      >
        <header
          class="MuiPaper-root MuiAppBar-root MuiAppBar-positionFixed MuiAppBar-colorPrimary sc-jSgupP cfyQgS mui-fixed MuiPaper-elevation4"
        >
          <div
            class="MuiToolbar-root MuiToolbar-regular sc-gKsewC bvkgnn MuiToolbar-gutters"
          >
            <button
              aria-label="open drawer"
              class="MuiButtonBase-root MuiIconButton-root MuiIconButton-colorInherit MuiIconButton-edgeStart"
              tabindex="0"
              type="button"
            >
              <span
                class="MuiIconButton-label"
              >
                <svg
                  aria-hidden="true"
                  class="MuiSvgIcon-root"
                  focusable="false"
                  viewBox="0 0 24 24"
                >
                  <path
                    d="M15.5 14h-.79l-.28-.27C15.41 12.59 16 11.11 16 9.5 16 5.91 13.09 3 9.5 3S3 5.91 3 9.5 5.91 16 9.5 16c1.61 0 3.09-.59 4.23-1.57l.27.28v.79l5 4.99L20.49 19l-4.99-5zm-6 0C7.01 14 5 11.99 5 9.5S7.01 5 9.5 5 14 7.01 14 9.5 11.99 14 9.5 14z"
                  />
                </svg>
              </span>
              <span
                class="MuiTouchRipple-root"
              />
            </button>
            <h6
              class="MuiTypography-root MuiTypography-h6"
            >
              app.insert
            </h6>
            <a
              class="sc-hKgILt jIKHfn"
              href="/view-all"
            >
              <button
                class="MuiButtonBase-root MuiIconButton-root MuiIconButton-colorInherit"
                tabindex="0"
                type="button"
              >
                <span
                  class="MuiIconButton-label"
                >
                  <span
                    class="MuiBadge-root"
                  >
                    <svg
                      aria-hidden="true"
                      class="MuiSvgIcon-root"
                      focusable="false"
                      viewBox="0 0 24 24"
                    >
                      <path
                        d="M18 2H6c-1.1 0-2 .9-2 2v16c0 1.1.9 2 2 2h12c1.1 0 2-.9 2-2V4c0-1.1-.9-2-2-2zM6 4h5v8l-2.5-1.5L6 12V4z"
                      />
                    </svg>
                    <span
                      class="MuiBadge-badge MuiBadge-anchorOriginTopRightRectangle MuiBadge-colorSecondary MuiBadge-invisible"
                    >
                      0
                    </span>
                  </span>
                </span>
                <span
                  class="MuiTouchRipple-root"
                />
              </button>
            </a>
          </div>
        </header>
        <div
          class="sc-jrAGrp jtnMcI"
        >
          <p
            class="sc-kEjbxe chhTEr"
          >
            app.cameraInstructions
          </p>
          <a
            class="sc-hKgILt jIKHfn"
            href="/camera"
          >
            <button
              class="MuiButtonBase-root MuiButton-root MuiButton-contained MuiButton-containedPrimary"
              tabindex="0"
              type="button"
            >
              <span
                class="MuiButton-label"
              >
                <span
                  class="MuiButton-startIcon MuiButton-iconSizeMedium"
                >
                  <svg
                    aria-hidden="true"
                    class="MuiSvgIcon-root"
                    focusable="false"
                    viewBox="0 0 24 24"
                  >
                    <path
                      d="M9.4 10.5l4.77-8.26C13.47 2.09 12.75 2 12 2c-2.4 0-4.6.85-6.32 2.25l3.66 6.35.06-.1zM21.54 9c-.92-2.92-3.15-5.26-6-6.34L11.88 9h9.66zm.26 1h-7.49l.29.5 4.76 8.25C21 16.97 22 14.61 22 12c0-.69-.07-1.35-.2-2zM8.54 12l-3.9-6.75C3.01 7.03 2 9.39 2 12c0 .69.07 1.35.2 2h7.49l-1.15-2zm-6.08 3c.92 2.92 3.15 5.26 6 6.34L12.12 15H2.46zm11.27 0l-3.9 6.76c.7.15 1.42.24 2.17.24 2.4 0 4.6-.85 6.32-2.25l-3.66-6.35-.93 1.6z"
                    />
                  </svg>
                </span>
                app.takePhoto
              </span>
              <span
                class="MuiTouchRipple-root"
              />
            </button>
          </a>
        </div>
        <form
          action="#"
          name="book-form"
        >
          <div
            class="sc-iBPRYJ kGBPVm"
          >
            <div
              class="MuiFormControl-root MuiTextField-root"
            >
              <label
                class="MuiFormLabel-root MuiInputLabel-root MuiInputLabel-formControl MuiInputLabel-animated MuiInputLabel-outlined"
                data-shrink="false"
                for="author"
                id="author-label"
              >
                app.author
              </label>
              <div
                class="MuiInputBase-root MuiOutlinedInput-root MuiInputBase-formControl"
              >
                <input
                  aria-invalid="false"
                  class="MuiInputBase-input MuiOutlinedInput-input"
                  id="author"
                  name="author"
                  type="text"
                  value=""
                />
                <fieldset
                  aria-hidden="true"
                  class="PrivateNotchedOutline-root-1 MuiOutlinedInput-notchedOutline"
                >
                  <legend
                    class="PrivateNotchedOutline-legendLabelled-3"
                  >
                    <span>
                      app.author
                    </span>
                  </legend>
                </fieldset>
              </div>
            </div>
            <div
              class="MuiFormControl-root MuiTextField-root"
            >
              <label
                class="MuiFormLabel-root MuiInputLabel-root MuiInputLabel-formControl MuiInputLabel-animated MuiInputLabel-outlined"
                data-shrink="false"
                for="title"
                id="title-label"
              >
                app.title
              </label>
              <div
                class="MuiInputBase-root MuiOutlinedInput-root MuiInputBase-formControl"
              >
                <input
                  aria-invalid="false"
                  class="MuiInputBase-input MuiOutlinedInput-input"
                  id="title"
                  name="title"
                  type="text"
                  value=""
                />
                <fieldset
                  aria-hidden="true"
                  class="PrivateNotchedOutline-root-1 MuiOutlinedInput-notchedOutline"
                >
                  <legend
                    class="PrivateNotchedOutline-legendLabelled-3"
                  >
                    <span>
                      app.title
                    </span>
                  </legend>
                </fieldset>
              </div>
            </div>
            <div
              class="MuiFormControl-root MuiTextField-root"
            >
              <label
                class="MuiFormLabel-root MuiInputLabel-root MuiInputLabel-formControl MuiInputLabel-animated MuiInputLabel-outlined"
                data-shrink="false"
                for="location"
                id="location-label"
              >
                app.location
              </label>
              <div
                class="MuiInputBase-root MuiOutlinedInput-root MuiInputBase-formControl"
              >
                <input
                  aria-invalid="false"
                  class="MuiInputBase-input MuiOutlinedInput-input"
                  id="location"
                  name="location"
                  type="text"
                  value=""
                />
                <fieldset
                  aria-hidden="true"
                  class="PrivateNotchedOutline-root-1 MuiOutlinedInput-notchedOutline"
                >
                  <legend
                    class="PrivateNotchedOutline-legendLabelled-3"
                  >
                    <span>
                      app.location
                    </span>
                  </legend>
                </fieldset>
              </div>
            </div>
            <div
              class="MuiFormControl-root"
            >
              <label
                class="MuiFormLabel-root"
              >
                app.read
              </label>
              <div
                class="MuiFormGroup-root MuiFormGroup-row"
                role="radiogroup"
              >
                <label
                  class="MuiFormControlLabel-root"
                >
                  <span
                    aria-disabled="false"
                    class="MuiButtonBase-root MuiIconButton-root PrivateSwitchBase-root-5 MuiRadio-root MuiRadio-colorSecondary MuiIconButton-colorSecondary"
                  >
                    <span
                      class="MuiIconButton-label"
                    >
                      <input
                        class="PrivateSwitchBase-input-8"
                        name="read"
                        type="radio"
                        value="true"
                      />
                      <div
                        class="PrivateRadioButtonIcon-root-9"
                      >
                        <svg
                          aria-hidden="true"
                          class="MuiSvgIcon-root"
                          focusable="false"
                          viewBox="0 0 24 24"
                        >
                          <path
                            d="M12 2C6.48 2 2 6.48 2 12s4.48 10 10 10 10-4.48 10-10S17.52 2 12 2zm0 18c-4.42 0-8-3.58-8-8s3.58-8 8-8 8 3.58 8 8-3.58 8-8 8z"
                          />
                        </svg>
                        <svg
                          aria-hidden="true"
                          class="MuiSvgIcon-root PrivateRadioButtonIcon-layer-10"
                          focusable="false"
                          viewBox="0 0 24 24"
                        >
                          <path
                            d="M8.465 8.465C9.37 7.56 10.62 7 12 7C14.76 7 17 9.24 17 12C17 13.38 16.44 14.63 15.535 15.535C14.63 16.44 13.38 17 12 17C9.24 17 7 14.76 7 12C7 10.62 7.56 9.37 8.465 8.465Z"
                          />
                        </svg>
                      </div>
                    </span>
                    <span
                      class="MuiTouchRipple-root"
                    />
                  </span>
                  <span
                    class="MuiTypography-root MuiFormControlLabel-label MuiTypography-body1"
                  >
                    app.yes
                  </span>
                </label>
                <label
                  class="MuiFormControlLabel-root"
                >
                  <span
                    aria-disabled="false"
                    class="MuiButtonBase-root MuiIconButton-root PrivateSwitchBase-root-5 MuiRadio-root MuiRadio-colorSecondary MuiIconButton-colorSecondary"
                  >
                    <span
                      class="MuiIconButton-label"
                    >
                      <input
                        class="PrivateSwitchBase-input-8"
                        name="read"
                        type="radio"
                        value="false"
                      />
                      <div
                        class="PrivateRadioButtonIcon-root-9"
                      >
                        <svg
                          aria-hidden="true"
                          class="MuiSvgIcon-root"
                          focusable="false"
                          viewBox="0 0 24 24"
                        >
                          <path
                            d="M12 2C6.48 2 2 6.48 2 12s4.48 10 10 10 10-4.48 10-10S17.52 2 12 2zm0 18c-4.42 0-8-3.58-8-8s3.58-8 8-8 8 3.58 8 8-3.58 8-8 8z"
                          />
                        </svg>
                        <svg
                          aria-hidden="true"
                          class="MuiSvgIcon-root PrivateRadioButtonIcon-layer-10"
                          focusable="false"
                          viewBox="0 0 24 24"
                        >
                          <path
                            d="M8.465 8.465C9.37 7.56 10.62 7 12 7C14.76 7 17 9.24 17 12C17 13.38 16.44 14.63 15.535 15.535C14.63 16.44 13.38 17 12 17C9.24 17 7 14.76 7 12C7 10.62 7.56 9.37 8.465 8.465Z"
                          />
                        </svg>
                      </div>
                    </span>
                    <span
                      class="MuiTouchRipple-root"
                    />
                  </span>
                  <span
                    class="MuiTypography-root MuiFormControlLabel-label MuiTypography-body1"
                  >
                    app.no
                  </span>
                </label>
                <label
                  class="MuiFormControlLabel-root"
                >
                  <span
                    aria-disabled="false"
                    class="MuiButtonBase-root MuiIconButton-root PrivateSwitchBase-root-5 MuiRadio-root MuiRadio-colorSecondary PrivateSwitchBase-checked-6 Mui-checked MuiIconButton-colorSecondary"
                  >
                    <span
                      class="MuiIconButton-label"
                    >
                      <input
                        checked=""
                        class="PrivateSwitchBase-input-8"
                        name="read"
                        type="radio"
                        value=""
                      />
                      <div
                        class="PrivateRadioButtonIcon-root-9 PrivateRadioButtonIcon-checked-11"
                      >
                        <svg
                          aria-hidden="true"
                          class="MuiSvgIcon-root"
                          focusable="false"
                          viewBox="0 0 24 24"
                        >
                          <path
                            d="M12 2C6.48 2 2 6.48 2 12s4.48 10 10 10 10-4.48 10-10S17.52 2 12 2zm0 18c-4.42 0-8-3.58-8-8s3.58-8 8-8 8 3.58 8 8-3.58 8-8 8z"
                          />
                        </svg>
                        <svg
                          aria-hidden="true"
                          class="MuiSvgIcon-root PrivateRadioButtonIcon-layer-10"
                          focusable="false"
                          viewBox="0 0 24 24"
                        >
                          <path
                            d="M8.465 8.465C9.37 7.56 10.62 7 12 7C14.76 7 17 9.24 17 12C17 13.38 16.44 14.63 15.535 15.535C14.63 16.44 13.38 17 12 17C9.24 17 7 14.76 7 12C7 10.62 7.56 9.37 8.465 8.465Z"
                          />
                        </svg>
                      </div>
                    </span>
                    <span
                      class="MuiTouchRipple-root"
                    />
                  </span>
                  <span
                    class="MuiTypography-root MuiFormControlLabel-label MuiTypography-body1"
                  >
                    app.dontKnow
                  </span>
                </label>
              </div>
            </div>
          </div>
          <div
            class="sc-fubCfw cVntoK"
          >
            <button
              class="MuiButtonBase-root MuiButton-root MuiButton-contained MuiButton-containedPrimary MuiButton-containedSizeLarge MuiButton-sizeLarge Mui-disabled Mui-disabled"
              disabled=""
              tabindex="-1"
              type="submit"
            >
              <span
                class="MuiButton-label"
              >
                <span
                  class="MuiButton-startIcon MuiButton-iconSizeLarge"
                >
                  <svg
                    aria-hidden="true"
                    class="MuiSvgIcon-root"
                    focusable="false"
                    viewBox="0 0 24 24"
                  >
                    <path
                      d="M17 3H5c-1.11 0-2 .9-2 2v14c0 1.1.89 2 2 2h14c1.1 0 2-.9 2-2V7l-4-4zm-5 16c-1.66 0-3-1.34-3-3s1.34-3 3-3 3 1.34 3 3-1.34 3-3 3zm3-10H5V5h10v4z"
                    />
                  </svg>
                </span>
                app.save
              </span>
            </button>
            <button
              class="MuiButtonBase-root MuiButton-root MuiButton-outlined MuiButton-outlinedPrimary MuiButton-outlinedSizeLarge MuiButton-sizeLarge Mui-disabled Mui-disabled"
              disabled=""
              tabindex="-1"
              type="reset"
            >
              <span
                class="MuiButton-label"
              >
                <span
                  class="MuiButton-startIcon MuiButton-iconSizeLarge"
                >
                  <svg
                    aria-hidden="true"
                    class="MuiSvgIcon-root"
                    focusable="false"
                    viewBox="0 0 24 24"
                  >
                    <path
                      d="M19 6.41L17.59 5 12 10.59 6.41 5 5 6.41 10.59 12 5 17.59 6.41 19 12 13.41 17.59 19 19 17.59 13.41 12z"
                    />
                  </svg>
                </span>
                app.reset
              </span>
            </button>
          </div>
        </form>
        
      </div>
    </div>
  </body>,
  "container": <div>
    <div
      class="sc-bdfBwQ eJvVid"
    >
      <header
        class="MuiPaper-root MuiAppBar-root MuiAppBar-positionFixed MuiAppBar-colorPrimary sc-jSgupP cfyQgS mui-fixed MuiPaper-elevation4"
      >
        <div
          class="MuiToolbar-root MuiToolbar-regular sc-gKsewC bvkgnn MuiToolbar-gutters"
        >
          <button
            aria-label="open drawer"
            class="MuiButtonBase-root MuiIconButton-root MuiIconButton-colorInherit MuiIconButton-edgeStart"
            tabindex="0"
            type="button"
          >
            <span
              class="MuiIconButton-label"
            >
              <svg
                aria-hidden="true"
                class="MuiSvgIcon-root"
                focusable="false"
                viewBox="0 0 24 24"
              >
                <path
                  d="M15.5 14h-.79l-.28-.27C15.41 12.59 16 11.11 16 9.5 16 5.91 13.09 3 9.5 3S3 5.91 3 9.5 5.91 16 9.5 16c1.61 0 3.09-.59 4.23-1.57l.27.28v.79l5 4.99L20.49 19l-4.99-5zm-6 0C7.01 14 5 11.99 5 9.5S7.01 5 9.5 5 14 7.01 14 9.5 11.99 14 9.5 14z"
                />
              </svg>
            </span>
            <span
              class="MuiTouchRipple-root"
            />
          </button>
          <h6
            class="MuiTypography-root MuiTypography-h6"
          >
            app.insert
          </h6>
          <a
            class="sc-hKgILt jIKHfn"
            href="/view-all"
          >
            <button
              class="MuiButtonBase-root MuiIconButton-root MuiIconButton-colorInherit"
              tabindex="0"
              type="button"
            >
              <span
                class="MuiIconButton-label"
              >
                <span
                  class="MuiBadge-root"
                >
                  <svg
                    aria-hidden="true"
                    class="MuiSvgIcon-root"
                    focusable="false"
                    viewBox="0 0 24 24"
                  >
                    <path
                      d="M18 2H6c-1.1 0-2 .9-2 2v16c0 1.1.9 2 2 2h12c1.1 0 2-.9 2-2V4c0-1.1-.9-2-2-2zM6 4h5v8l-2.5-1.5L6 12V4z"
                    />
                  </svg>
                  <span
                    class="MuiBadge-badge MuiBadge-anchorOriginTopRightRectangle MuiBadge-colorSecondary MuiBadge-invisible"
                  >
                    0
                  </span>
                </span>
              </span>
              <span
                class="MuiTouchRipple-root"
              />
            </button>
          </a>
        </div>
      </header>
      <div
        class="sc-jrAGrp jtnMcI"
      >
        <p
          class="sc-kEjbxe chhTEr"
        >
          app.cameraInstructions
        </p>
        <a
          class="sc-hKgILt jIKHfn"
          href="/camera"
        >
          <button
            class="MuiButtonBase-root MuiButton-root MuiButton-contained MuiButton-containedPrimary"
            tabindex="0"
            type="button"
          >
            <span
              class="MuiButton-label"
            >
              <span
                class="MuiButton-startIcon MuiButton-iconSizeMedium"
              >
                <svg
                  aria-hidden="true"
                  class="MuiSvgIcon-root"
                  focusable="false"
                  viewBox="0 0 24 24"
                >
                  <path
                    d="M9.4 10.5l4.77-8.26C13.47 2.09 12.75 2 12 2c-2.4 0-4.6.85-6.32 2.25l3.66 6.35.06-.1zM21.54 9c-.92-2.92-3.15-5.26-6-6.34L11.88 9h9.66zm.26 1h-7.49l.29.5 4.76 8.25C21 16.97 22 14.61 22 12c0-.69-.07-1.35-.2-2zM8.54 12l-3.9-6.75C3.01 7.03 2 9.39 2 12c0 .69.07 1.35.2 2h7.49l-1.15-2zm-6.08 3c.92 2.92 3.15 5.26 6 6.34L12.12 15H2.46zm11.27 0l-3.9 6.76c.7.15 1.42.24 2.17.24 2.4 0 4.6-.85 6.32-2.25l-3.66-6.35-.93 1.6z"
                  />
                </svg>
              </span>
              app.takePhoto
            </span>
            <span
              class="MuiTouchRipple-root"
            />
          </button>
        </a>
      </div>
      <form
        action="#"
        name="book-form"
      >
        <div
          class="sc-iBPRYJ kGBPVm"
        >
          <div
            class="MuiFormControl-root MuiTextField-root"
          >
            <label
              class="MuiFormLabel-root MuiInputLabel-root MuiInputLabel-formControl MuiInputLabel-animated MuiInputLabel-outlined"
              data-shrink="false"
              for="author"
              id="author-label"
            >
              app.author
            </label>
            <div
              class="MuiInputBase-root MuiOutlinedInput-root MuiInputBase-formControl"
            >
              <input
                aria-invalid="false"
                class="MuiInputBase-input MuiOutlinedInput-input"
                id="author"
                name="author"
                type="text"
                value=""
              />
              <fieldset
                aria-hidden="true"
                class="PrivateNotchedOutline-root-1 MuiOutlinedInput-notchedOutline"
              >
                <legend
                  class="PrivateNotchedOutline-legendLabelled-3"
                >
                  <span>
                    app.author
                  </span>
                </legend>
              </fieldset>
            </div>
          </div>
          <div
            class="MuiFormControl-root MuiTextField-root"
          >
            <label
              class="MuiFormLabel-root MuiInputLabel-root MuiInputLabel-formControl MuiInputLabel-animated MuiInputLabel-outlined"
              data-shrink="false"
              for="title"
              id="title-label"
            >
              app.title
            </label>
            <div
              class="MuiInputBase-root MuiOutlinedInput-root MuiInputBase-formControl"
            >
              <input
                aria-invalid="false"
                class="MuiInputBase-input MuiOutlinedInput-input"
                id="title"
                name="title"
                type="text"
                value=""
              />
              <fieldset
                aria-hidden="true"
                class="PrivateNotchedOutline-root-1 MuiOutlinedInput-notchedOutline"
              >
                <legend
                  class="PrivateNotchedOutline-legendLabelled-3"
                >
                  <span>
                    app.title
                  </span>
                </legend>
              </fieldset>
            </div>
          </div>
          <div
            class="MuiFormControl-root MuiTextField-root"
          >
            <label
              class="MuiFormLabel-root MuiInputLabel-root MuiInputLabel-formControl MuiInputLabel-animated MuiInputLabel-outlined"
              data-shrink="false"
              for="location"
              id="location-label"
            >
              app.location
            </label>
            <div
              class="MuiInputBase-root MuiOutlinedInput-root MuiInputBase-formControl"
            >
              <input
                aria-invalid="false"
                class="MuiInputBase-input MuiOutlinedInput-input"
                id="location"
                name="location"
                type="text"
                value=""
              />
              <fieldset
                aria-hidden="true"
                class="PrivateNotchedOutline-root-1 MuiOutlinedInput-notchedOutline"
              >
                <legend
                  class="PrivateNotchedOutline-legendLabelled-3"
                >
                  <span>
                    app.location
                  </span>
                </legend>
              </fieldset>
            </div>
          </div>
          <div
            class="MuiFormControl-root"
          >
            <label
              class="MuiFormLabel-root"
            >
              app.read
            </label>
            <div
              class="MuiFormGroup-root MuiFormGroup-row"
              role="radiogroup"
            >
              <label
                class="MuiFormControlLabel-root"
              >
                <span
                  aria-disabled="false"
                  class="MuiButtonBase-root MuiIconButton-root PrivateSwitchBase-root-5 MuiRadio-root MuiRadio-colorSecondary MuiIconButton-colorSecondary"
                >
                  <span
                    class="MuiIconButton-label"
                  >
                    <input
                      class="PrivateSwitchBase-input-8"
                      name="read"
                      type="radio"
                      value="true"
                    />
                    <div
                      class="PrivateRadioButtonIcon-root-9"
                    >
                      <svg
                        aria-hidden="true"
                        class="MuiSvgIcon-root"
                        focusable="false"
                        viewBox="0 0 24 24"
                      >
                        <path
                          d="M12 2C6.48 2 2 6.48 2 12s4.48 10 10 10 10-4.48 10-10S17.52 2 12 2zm0 18c-4.42 0-8-3.58-8-8s3.58-8 8-8 8 3.58 8 8-3.58 8-8 8z"
                        />
                      </svg>
                      <svg
                        aria-hidden="true"
                        class="MuiSvgIcon-root PrivateRadioButtonIcon-layer-10"
                        focusable="false"
                        viewBox="0 0 24 24"
                      >
                        <path
                          d="M8.465 8.465C9.37 7.56 10.62 7 12 7C14.76 7 17 9.24 17 12C17 13.38 16.44 14.63 15.535 15.535C14.63 16.44 13.38 17 12 17C9.24 17 7 14.76 7 12C7 10.62 7.56 9.37 8.465 8.465Z"
                        />
                      </svg>
                    </div>
                  </span>
                  <span
                    class="MuiTouchRipple-root"
                  />
                </span>
                <span
                  class="MuiTypography-root MuiFormControlLabel-label MuiTypography-body1"
                >
                  app.yes
                </span>
              </label>
              <label
                class="MuiFormControlLabel-root"
              >
                <span
                  aria-disabled="false"
                  class="MuiButtonBase-root MuiIconButton-root PrivateSwitchBase-root-5 MuiRadio-root MuiRadio-colorSecondary MuiIconButton-colorSecondary"
                >
                  <span
                    class="MuiIconButton-label"
                  >
                    <input
                      class="PrivateSwitchBase-input-8"
                      name="read"
                      type="radio"
                      value="false"
                    />
                    <div
                      class="PrivateRadioButtonIcon-root-9"
                    >
                      <svg
                        aria-hidden="true"
                        class="MuiSvgIcon-root"
                        focusable="false"
                        viewBox="0 0 24 24"
                      >
                        <path
                          d="M12 2C6.48 2 2 6.48 2 12s4.48 10 10 10 10-4.48 10-10S17.52 2 12 2zm0 18c-4.42 0-8-3.58-8-8s3.58-8 8-8 8 3.58 8 8-3.58 8-8 8z"
                        />
                      </svg>
                      <svg
                        aria-hidden="true"
                        class="MuiSvgIcon-root PrivateRadioButtonIcon-layer-10"
                        focusable="false"
                        viewBox="0 0 24 24"
                      >
                        <path
                          d="M8.465 8.465C9.37 7.56 10.62 7 12 7C14.76 7 17 9.24 17 12C17 13.38 16.44 14.63 15.535 15.535C14.63 16.44 13.38 17 12 17C9.24 17 7 14.76 7 12C7 10.62 7.56 9.37 8.465 8.465Z"
                        />
                      </svg>
                    </div>
                  </span>
                  <span
                    class="MuiTouchRipple-root"
                  />
                </span>
                <span
                  class="MuiTypography-root MuiFormControlLabel-label MuiTypography-body1"
                >
                  app.no
                </span>
              </label>
              <label
                class="MuiFormControlLabel-root"
              >
                <span
                  aria-disabled="false"
                  class="MuiButtonBase-root MuiIconButton-root PrivateSwitchBase-root-5 MuiRadio-root MuiRadio-colorSecondary PrivateSwitchBase-checked-6 Mui-checked MuiIconButton-colorSecondary"
                >
                  <span
                    class="MuiIconButton-label"
                  >
                    <input
                      checked=""
                      class="PrivateSwitchBase-input-8"
                      name="read"
                      type="radio"
                      value=""
                    />
                    <div
                      class="PrivateRadioButtonIcon-root-9 PrivateRadioButtonIcon-checked-11"
                    >
                      <svg
                        aria-hidden="true"
                        class="MuiSvgIcon-root"
                        focusable="false"
                        viewBox="0 0 24 24"
                      >
                        <path
                          d="M12 2C6.48 2 2 6.48 2 12s4.48 10 10 10 10-4.48 10-10S17.52 2 12 2zm0 18c-4.42 0-8-3.58-8-8s3.58-8 8-8 8 3.58 8 8-3.58 8-8 8z"
                        />
                      </svg>
                      <svg
                        aria-hidden="true"
                        class="MuiSvgIcon-root PrivateRadioButtonIcon-layer-10"
                        focusable="false"
                        viewBox="0 0 24 24"
                      >
                        <path
                          d="M8.465 8.465C9.37 7.56 10.62 7 12 7C14.76 7 17 9.24 17 12C17 13.38 16.44 14.63 15.535 15.535C14.63 16.44 13.38 17 12 17C9.24 17 7 14.76 7 12C7 10.62 7.56 9.37 8.465 8.465Z"
                        />
                      </svg>
                    </div>
                  </span>
                  <span
                    class="MuiTouchRipple-root"
                  />
                </span>
                <span
                  class="MuiTypography-root MuiFormControlLabel-label MuiTypography-body1"
                >
                  app.dontKnow
                </span>
              </label>
            </div>
          </div>
        </div>
        <div
          class="sc-fubCfw cVntoK"
        >
          <button
            class="MuiButtonBase-root MuiButton-root MuiButton-contained MuiButton-containedPrimary MuiButton-containedSizeLarge MuiButton-sizeLarge Mui-disabled Mui-disabled"
            disabled=""
            tabindex="-1"
            type="submit"
          >
            <span
              class="MuiButton-label"
            >
              <span
                class="MuiButton-startIcon MuiButton-iconSizeLarge"
              >
                <svg
                  aria-hidden="true"
                  class="MuiSvgIcon-root"
                  focusable="false"
                  viewBox="0 0 24 24"
                >
                  <path
                    d="M17 3H5c-1.11 0-2 .9-2 2v14c0 1.1.89 2 2 2h14c1.1 0 2-.9 2-2V7l-4-4zm-5 16c-1.66 0-3-1.34-3-3s1.34-3 3-3 3 1.34 3 3-1.34 3-3 3zm3-10H5V5h10v4z"
                  />
                </svg>
              </span>
              app.save
            </span>
          </button>
          <button
            class="MuiButtonBase-root MuiButton-root MuiButton-outlined MuiButton-outlinedPrimary MuiButton-outlinedSizeLarge MuiButton-sizeLarge Mui-disabled Mui-disabled"
            disabled=""
            tabindex="-1"
            type="reset"
          >
            <span
              class="MuiButton-label"
            >
              <span
                class="MuiButton-startIcon MuiButton-iconSizeLarge"
              >
                <svg
                  aria-hidden="true"
                  class="MuiSvgIcon-root"
                  focusable="false"
                  viewBox="0 0 24 24"
                >
                  <path
                    d="M19 6.41L17.59 5 12 10.59 6.41 5 5 6.41 10.59 12 5 17.59 6.41 19 12 13.41 17.59 19 19 17.59 13.41 12z"
                  />
                </svg>
              </span>
              app.reset
            </span>
          </button>
        </div>
      </form>
      
    </div>
  </div>,
  "debug": [Function],
  "findAllByAltText": [Function],
  "findAllByDisplayValue": [Function],
  "findAllByLabelText": [Function],
  "findAllByPlaceholderText": [Function],
  "findAllByRole": [Function],
  "findAllByTestId": [Function],
  "findAllByText": [Function],
  "findAllByTitle": [Function],
  "findByAltText": [Function],
  "findByDisplayValue": [Function],
  "findByLabelText": [Function],
  "findByPlaceholderText": [Function],
  "findByRole": [Function],
  "findByTestId": [Function],
  "findByText": [Function],
  "findByTitle": [Function],
  "getAllByAltText": [Function],
  "getAllByDisplayValue": [Function],
  "getAllByLabelText": [Function],
  "getAllByPlaceholderText": [Function],
  "getAllByRole": [Function],
  "getAllByTestId": [Function],
  "getAllByText": [Function],
  "getAllByTitle": [Function],
  "getByAltText": [Function],
  "getByDisplayValue": [Function],
  "getByLabelText": [Function],
  "getByPlaceholderText": [Function],
  "getByRole": [Function],
  "getByTestId": [Function],
  "getByText": [Function],
  "getByTitle": [Function],
  "queryAllByAltText": [Function],
  "queryAllByDisplayValue": [Function],
  "queryAllByLabelText": [Function],
  "queryAllByPlaceholderText": [Function],
  "queryAllByRole": [Function],
  "queryAllByTestId": [Function],
  "queryAllByText": [Function],
  "queryAllByTitle": [Function],
  "queryByAltText": [Function],
  "queryByDisplayValue": [Function],
  "queryByLabelText": [Function],
  "queryByPlaceholderText": [Function],
  "queryByRole": [Function],
  "queryByTestId": [Function],
  "queryByText": [Function],
  "queryByTitle": [Function],
  "rerender": [Function],
  "unmount": [Function],
}
`;
